                        METALL21	644
                        METALL23	334
                        VINDU1DN	222
                        VINDU4DN	196
                      CAPT0088_1	185
                      CAPT0124_1	182
                           VEGG4	148
                      CAPT0094_1	143
                      CAPT0090_1	124
                        KASSE1SW	114
                      CAPT0160_1	109
                            TRE2	102
                      CAPT0133_1	96
                           GOLV4	89
                      CAPT0156_1	84
                      CAPT0254_1	79
                         HIMMEL3	67
                      CAPT0022_1	66
                         HIMMEL1	66
                            55_1	60
                      CAPT0019_1	55
                         BIL4BSW	54
                           GRASS	52
                           UTE15	52
                        VEGG1BSW	52
                        TOG2SW_1	51
                      CAPT0044_1	48
                       SAND1SW_1	42
                          MAT2SW	42
                        TOG5SW_1	42
                        KASSE2SW	40
                       VEGG3SW_1	38
                        METALL22	36
                            TRE1	34
                         VEGG3DN	34
                            TRE9	30
                           VEGG6	30
                            TAK4	28
                        MAT2SW_1	27
                       VINDU1BSW	26
                        TOG1SW_1	26
                      CAPT0234_1	26
                        METALL20	24
                           GOLV6	24
                            32_1	24
                            20_1	22
                          BIL8DN	20
                      CAPT0157_1	18
                      CAPT0014_1	18
                       VINDU5BSW	18
                        TRE2SW_1	17
                            87_1	17
                      CAPT0033_1	16
                          MAT2DN	15
                            TAK3	15
                        TRE3SW_1	14
                         BIL3BSW	14
                      CAPT0248_1	14
                      CAPT0231_1	12
                          GRA2SW	12
                        VEGG3BSW	12
                        GRA4SW_1	12
                            51_1	12
                        BIL20BSW	12
                         BIL7BSW	12
                       DORA2SW_1	12
                        METALL30	12
                      CAPT0085_1	12
                        SKILT7DN	12
                            76_1	11
                       VINDU4BSW	11
                       SKILT2BSW	11
                      CAPT0230_1	11
                       VINDU8BSW	11
                         BIL1BSW	10
                        FLY4SW_1	10
                         BIL8BSW	10
                      CAPT0181_1	10
                        BIL10BSW	10
                      CAPT0024_1	9
                        BIL11BSW	8
                        BIL12BSW	8
                        BIL16BSW	8
                          BIL5DN	8
                        TOG3SW_1	8
                            26_1	8
                      CAPT0223_1	6
                      CAPT0106_1	6
                        VEGG2BSW	6
                          MAT4DN	6
                      CAPT0055_1	6
                      CAPT0072_1	6
                            21_1	6
                            66_1	6
                         CAMP3DN	6
                      CAPT0045_1	6
                       VINDU3BSW	6
                      CAPT0213_1	6
                        SKILT2DN	6
                        SKILT6DN	6
                           UTE11	6
                      CAPT0206_1	5
                          BIL9DN	5
                         CAMP4DN	5
                      CAPT0069_1	5
                        KISTE2SW	4
                          BIL6DN	4
                        BIL15BSW	4
                         BIL15DN	4
                      CAPT0037_1	4
                      CAPT0042_1	4
                       MASKIN1DN	3
                      CAPT0196_1	3
                          MAT7DN	2
                      CAPT0035_1	2
                            18_1	2
                         CAMP5DN	2
                      KISTE1SW_1	2
                            19_1	2
                        KISTE3SW	2
                         BIL9BSW	2
                            17_1	2
                        SKILT3DN	2
                         CAMP1DN	2
                          BIL7DN	2
                      CAPT0034_1	2
                          SSLOGO	1
                            TAK2	1
                       MASKIN4DN	1
                         MAT1BSW	1
                          MAT1DN	1
                          MAT1SW	1
                         MAT2BSW	1
                      CAPT0168_1	1
                      CAPT0169_1	1
                      CAPT0173_1	1
                         MAT3BSW	1
                          MAT3DN	1
                         CAMP2DN	1
                          MAT6DN	1
                       HYLLE1BSW	1
                      CAPT0185_1	1
                            75_1	1
                            25_1	1
                         BIL10DN	1
                      CAPT0214_1	1
                     KLOKKE1SW_1	1
                       SKILT19DN	1
                       SKILT1BSW	1
                      MASKIN1BSW	1
                      CAPT0166_1	1
                      MASKIN2BSW	1
                       SKILT6BSW	1
                       MASKIN2DN	1
                       MASKIN3DN	1
